d:\project\boatiron\x64\release\vc142.pdb
d:\project\boatiron\x64\release\stereomatching.obj
d:\project\boatiron\x64\release\stereocalibration.obj
d:\project\boatiron\x64\release\reconstruct.obj
d:\project\boatiron\x64\release\main.obj
d:\project\boatiron\x64\release\imagelistgenerator.obj
d:\project\boatiron\x64\release\graycodegenerator.obj
d:\project\boatiron\x64\release\graycodedecoder.obj
d:\project\boatiron\x64\release\camerasynccapture.obj
d:\project\boatiron\x64\release\cameracapture.obj
d:\project\boatiron\x64\release\camerabase.obj
d:\project\boatiron\x64\release\calibration.obj
d:\project\boatiron\bin\remake3d.exe
d:\project\boatiron\x64\release\remake3d.ipdb
d:\project\boatiron\x64\release\remake3d.iobj
d:\project\boatiron\bin\remake3d.pdb
d:\project\boatiron\x64\release\remake3d.tlog\cl.command.1.tlog
d:\project\boatiron\x64\release\remake3d.tlog\cl.read.1.tlog
d:\project\boatiron\x64\release\remake3d.tlog\cl.write.1.tlog
d:\project\boatiron\x64\release\remake3d.tlog\link.command.1.tlog
d:\project\boatiron\x64\release\remake3d.tlog\link.read.1.tlog
d:\project\boatiron\x64\release\remake3d.tlog\link.write.1.tlog
